
> solapur-water-dashboard@1.0.0 build
> vite build

[33mThe CJS build of Vite's Node API is deprecated. See https://vite.dev/guide/troubleshooting.html#vite-cjs-node-api-deprecated for more details.[39m
vite v5.4.21 building for production...
transforming...
(node:20065) [MODULE_TYPELESS_PACKAGE_JSON] Warning: Module type of file:///Users/utsavsingh/Documents/water-hack-frontend/postcss.config.js is not specified and it doesn't parse as CommonJS.
Reparsing as ES module because module syntax was detected. This incurs a performance overhead.
To eliminate this warning, add "type": "module" to /Users/utsavsingh/Documents/water-hack-frontend/package.json.
(Use `node --trace-warnings ...` to show where the warning was created)
✓ 2606 modules transformed.
x Build failed in 1.46s
error during build:
src/components/Layout/Layout.jsx (3:7): "default" is not exported by "src/components/Layout/Header.jsx", imported by "src/components/Layout/Layout.jsx".
file: /Users/utsavsingh/Documents/water-hack-frontend/src/components/Layout/Layout.jsx:3:7

1: import { useState, useRef, useEffect } from 'react'
2: import { useLocation } from 'react-router-dom'
3: import Header from './Header'
          ^
4: import Sidebar from './Sidebar'
5: import AlertsPanel from './AlertsPanel'

    at getRollupError (file:///Users/utsavsingh/Documents/water-hack-frontend/node_modules/rollup/dist/es/shared/parseAst.js:400:41)
    at error (file:///Users/utsavsingh/Documents/water-hack-frontend/node_modules/rollup/dist/es/shared/parseAst.js:396:42)
    at Module.error (file:///Users/utsavsingh/Documents/water-hack-frontend/node_modules/rollup/dist/es/shared/node-entry.js:17036:16)
    at Module.traceVariable (file:///Users/utsavsingh/Documents/water-hack-frontend/node_modules/rollup/dist/es/shared/node-entry.js:17448:29)
    at ModuleScope.findVariable (file:///Users/utsavsingh/Documents/water-hack-frontend/node_modules/rollup/dist/es/shared/node-entry.js:15066:39)
    at ReturnValueScope.findVariable (file:///Users/utsavsingh/Documents/water-hack-frontend/node_modules/rollup/dist/es/shared/node-entry.js:5673:38)
    at FunctionBodyScope.findVariable (file:///Users/utsavsingh/Documents/water-hack-frontend/node_modules/rollup/dist/es/shared/node-entry.js:5673:38)
    at Identifier.bind (file:///Users/utsavsingh/Documents/water-hack-frontend/node_modules/rollup/dist/es/shared/node-entry.js:5447:40)
    at CallExpression.bind (file:///Users/utsavsingh/Documents/water-hack-frontend/node_modules/rollup/dist/es/shared/node-entry.js:2825:28)
    at CallExpression.bind (file:///Users/utsavsingh/Documents/water-hack-frontend/node_modules/rollup/dist/es/shared/node-entry.js:12179:15)
